==================================================
Backup started at: Wed 10 Jun 2026 12:00:01 AM UTC
==================================================
[1/3] Dumping PostgreSQL database...
[2/3] Archiving media...
[3/3] Saving environment snapshot...
Creating final backup archive...
Backup created: /mnt/data-disk/PRMS_2_backups/backup_2026-06-10_00-00-01.tar.gz
Verifying archive...
Cleaning backups older than 7 days...
==================================================
Backup finished successfully at: Wed 10 Jun 2026 12:00:06 AM UTC
==================================================
==================================================
Backup started at: Thu 11 Jun 2026 12:00:01 AM UTC
==================================================
[1/3] Dumping PostgreSQL database...
[2/3] Archiving media...
[3/3] Saving environment snapshot...
Creating final backup archive...
Backup created: /mnt/data-disk/PRMS_2_backups/backup_2026-06-11_00-00-01.tar.gz
Verifying archive...
Cleaning backups older than 7 days...
==================================================
Backup finished successfully at: Thu 11 Jun 2026 12:00:06 AM UTC
==================================================
==================================================
Backup started at: Fri 12 Jun 2026 12:00:01 AM UTC
==================================================
[1/3] Dumping PostgreSQL database...
[2/3] Archiving media...
[3/3] Saving environment snapshot...
Creating final backup archive...
Backup created: /mnt/data-disk/PRMS_2_backups/backup_2026-06-12_00-00-01.tar.gz
Verifying archive...
Cleaning backups older than 7 days...
==================================================
Backup finished successfully at: Fri 12 Jun 2026 12:00:05 AM UTC
==================================================
==================================================
Backup started at: Sat 13 Jun 2026 12:00:01 AM UTC
==================================================
[1/3] Dumping PostgreSQL database...
[2/3] Archiving media...
[3/3] Saving environment snapshot...
Creating final backup archive...
Backup created: /mnt/data-disk/PRMS_2_backups/backup_2026-06-13_00-00-01.tar.gz
Verifying archive...
Cleaning backups older than 7 days...
==================================================
Backup finished successfully at: Sat 13 Jun 2026 12:00:06 AM UTC
==================================================
==================================================
Backup started at: Sun 14 Jun 2026 12:00:01 AM UTC
==================================================
[1/3] Dumping PostgreSQL database...
[2/3] Archiving media...
[3/3] Saving environment snapshot...
Creating final backup archive...
Backup created: /mnt/data-disk/PRMS_2_backups/backup_2026-06-14_00-00-01.tar.gz
Verifying archive...
Cleaning backups older than 7 days...
==================================================
Backup finished successfully at: Sun 14 Jun 2026 12:00:06 AM UTC
==================================================
==================================================
Backup started at: Mon 15 Jun 2026 12:00:01 AM UTC
==================================================
[1/3] Dumping PostgreSQL database...
[2/3] Archiving media...
[3/3] Saving environment snapshot...
Creating final backup archive...
Backup created: /mnt/data-disk/PRMS_2_backups/backup_2026-06-15_00-00-01.tar.gz
Verifying archive...
Cleaning backups older than 7 days...
==================================================
Backup finished successfully at: Mon 15 Jun 2026 12:00:06 AM UTC
==================================================
==================================================
Backup started at: Tue 16 Jun 2026 12:00:01 AM UTC
==================================================
[1/3] Dumping PostgreSQL database...
[2/3] Archiving media...
[3/3] Saving environment snapshot...
Creating final backup archive...
Backup created: /mnt/data-disk/PRMS_2_backups/backup_2026-06-16_00-00-01.tar.gz
Verifying archive...
Cleaning backups older than 7 days...
==================================================
Backup finished successfully at: Tue 16 Jun 2026 12:00:05 AM UTC
==================================================
==================================================
Backup started at: Wed 17 Jun 2026 12:00:01 AM UTC
==================================================
[1/3] Dumping PostgreSQL database...
[2/3] Archiving media...
[3/3] Saving environment snapshot...
Creating final backup archive...
Backup created: /mnt/data-disk/PRMS_2_backups/backup_2026-06-17_00-00-01.tar.gz
Verifying archive...
Cleaning backups older than 7 days...
==================================================
Backup finished successfully at: Wed 17 Jun 2026 12:00:06 AM UTC
==================================================
==================================================
Backup started at: Thu 18 Jun 2026 12:00:01 AM UTC
==================================================
[1/3] Dumping PostgreSQL database...
[2/3] Archiving media...
[3/3] Saving environment snapshot...
Creating final backup archive...
Backup created: /mnt/data-disk/PRMS_2_backups/backup_2026-06-18_00-00-01.tar.gz
Verifying archive...
Cleaning backups older than 7 days...
==================================================
Backup finished successfully at: Thu 18 Jun 2026 12:00:06 AM UTC
==================================================
==================================================
Backup started at: Fri 19 Jun 2026 12:00:01 AM UTC
==================================================
[1/3] Dumping PostgreSQL database...
[2/3] Archiving media...
[3/3] Saving environment snapshot...
Creating final backup archive...
Backup created: /mnt/data-disk/PRMS_2_backups/backup_2026-06-19_00-00-01.tar.gz
Verifying archive...
Cleaning backups older than 7 days...
==================================================
Backup finished successfully at: Fri 19 Jun 2026 12:00:06 AM UTC
==================================================
==================================================
Backup started at: Sat 20 Jun 2026 12:00:01 AM UTC
==================================================
[1/3] Dumping PostgreSQL database...
[2/3] Archiving media...
[3/3] Saving environment snapshot...
Creating final backup archive...
Backup created: /mnt/data-disk/PRMS_2_backups/backup_2026-06-20_00-00-01.tar.gz
Verifying archive...
Cleaning backups older than 7 days...
==================================================
Backup finished successfully at: Sat 20 Jun 2026 12:00:06 AM UTC
==================================================
==================================================
Backup started at: Sun 21 Jun 2026 12:00:01 AM UTC
==================================================
[1/3] Dumping PostgreSQL database...
[2/3] Archiving media...
[3/3] Saving environment snapshot...
Creating final backup archive...
Backup created: /mnt/data-disk/PRMS_2_backups/backup_2026-06-21_00-00-01.tar.gz
Verifying archive...
Cleaning backups older than 7 days...
==================================================
Backup finished successfully at: Sun 21 Jun 2026 12:00:06 AM UTC
==================================================
==================================================
Backup started at: Mon 22 Jun 2026 12:00:01 AM UTC
==================================================
[1/3] Dumping PostgreSQL database...
[2/3] Archiving media...
[3/3] Saving environment snapshot...
Creating final backup archive...
Backup created: /mnt/data-disk/PRMS_2_backups/backup_2026-06-22_00-00-01.tar.gz
Verifying archive...
Cleaning backups older than 7 days...
==================================================
Backup finished successfully at: Mon 22 Jun 2026 12:00:06 AM UTC
==================================================
==================================================
Backup started at: Sat 27 Jun 2026 12:00:01 AM UTC
==================================================
[1/3] Dumping PostgreSQL database...
[2/3] Archiving media...
[3/3] Saving environment snapshot...
Creating final backup archive...
Backup created: /mnt/data-disk/PRMS_2_backups/backup_2026-06-27_00-00-01.tar.gz
Verifying archive...
Cleaning backups older than 7 days...
==================================================
Backup finished successfully at: Sat 27 Jun 2026 12:00:06 AM UTC
==================================================
==================================================
Backup started at: Sun 28 Jun 2026 12:00:01 AM UTC
==================================================
[1/3] Dumping PostgreSQL database...
[2/3] Archiving media...
[3/3] Saving environment snapshot...
Creating final backup archive...
Backup created: /mnt/data-disk/PRMS_2_backups/backup_2026-06-28_00-00-01.tar.gz
Verifying archive...
Cleaning backups older than 7 days...
==================================================
Backup finished successfully at: Sun 28 Jun 2026 12:00:06 AM UTC
==================================================
==================================================
Backup started at: Mon 29 Jun 2026 12:00:01 AM UTC
==================================================
[1/3] Dumping PostgreSQL database...
[2/3] Archiving media...
[3/3] Saving environment snapshot...
Creating final backup archive...
Backup created: /mnt/data-disk/PRMS_2_backups/backup_2026-06-29_00-00-01.tar.gz
Verifying archive...
Cleaning backups older than 7 days...
==================================================
Backup finished successfully at: Mon 29 Jun 2026 12:00:06 AM UTC
==================================================
==================================================
Backup started at: Tue 30 Jun 2026 12:00:01 AM UTC
==================================================
[1/3] Dumping PostgreSQL database...
[2/3] Archiving media...
[3/3] Saving environment snapshot...
Creating final backup archive...
Backup created: /mnt/data-disk/PRMS_2_backups/backup_2026-06-30_00-00-01.tar.gz
Verifying archive...
Cleaning backups older than 7 days...
==================================================
Backup finished successfully at: Tue 30 Jun 2026 12:00:06 AM UTC
==================================================
==================================================
Backup started at: Wed 01 Jul 2026 12:00:01 AM UTC
==================================================
[1/3] Dumping PostgreSQL database...
[2/3] Archiving media...
[3/3] Saving environment snapshot...
Creating final backup archive...
Backup created: /mnt/data-disk/PRMS_2_backups/backup_2026-07-01_00-00-01.tar.gz
Verifying archive...
Cleaning backups older than 7 days...
==================================================
Backup finished successfully at: Wed 01 Jul 2026 12:00:06 AM UTC
==================================================
==================================================
Backup started at: Thu 02 Jul 2026 12:00:01 AM UTC
==================================================
[1/3] Dumping PostgreSQL database...
[2/3] Archiving media...
[3/3] Saving environment snapshot...
Creating final backup archive...
Backup created: /mnt/data-disk/PRMS_2_backups/backup_2026-07-02_00-00-01.tar.gz
Verifying archive...
Cleaning backups older than 7 days...
==================================================
Backup finished successfully at: Thu 02 Jul 2026 12:00:06 AM UTC
==================================================
==================================================
Backup started at: Fri 03 Jul 2026 12:00:02 AM UTC
==================================================
[1/3] Dumping PostgreSQL database...
[2/3] Archiving media...
[3/3] Saving environment snapshot...
Creating final backup archive...
Backup created: /mnt/data-disk/PRMS_2_backups/backup_2026-07-03_00-00-02.tar.gz
Verifying archive...
Cleaning backups older than 7 days...
==================================================
Backup finished successfully at: Fri 03 Jul 2026 12:00:07 AM UTC
==================================================
==================================================
Backup started at: Sat 04 Jul 2026 12:00:02 AM UTC
==================================================
[1/3] Dumping PostgreSQL database...
[2/3] Archiving media...
[3/3] Saving environment snapshot...
Creating final backup archive...
Backup created: /mnt/data-disk/PRMS_2_backups/backup_2026-07-04_00-00-02.tar.gz
Verifying archive...
Cleaning backups older than 7 days...
==================================================
Backup finished successfully at: Sat 04 Jul 2026 12:00:07 AM UTC
==================================================
==================================================
Backup started at: Sun 05 Jul 2026 12:00:01 AM UTC
==================================================
[1/3] Dumping PostgreSQL database...
[2/3] Archiving media...
[3/3] Saving environment snapshot...
Creating final backup archive...
Backup created: /mnt/data-disk/PRMS_2_backups/backup_2026-07-05_00-00-01.tar.gz
Verifying archive...
Cleaning backups older than 7 days...
==================================================
Backup finished successfully at: Sun 05 Jul 2026 12:00:07 AM UTC
==================================================
==================================================
Backup started at: Mon 06 Jul 2026 12:00:01 AM UTC
==================================================
[1/3] Dumping PostgreSQL database...
[2/3] Archiving media...
[3/3] Saving environment snapshot...
Creating final backup archive...
Backup created: /mnt/data-disk/PRMS_2_backups/backup_2026-07-06_00-00-01.tar.gz
Verifying archive...
Cleaning backups older than 7 days...
==================================================
Backup finished successfully at: Mon 06 Jul 2026 12:00:07 AM UTC
==================================================
==================================================
Backup started at: Tue 07 Jul 2026 12:00:01 AM UTC
==================================================
[1/3] Dumping PostgreSQL database...
[2/3] Archiving media...
[3/3] Saving environment snapshot...
Creating final backup archive...
Backup created: /mnt/data-disk/PRMS_2_backups/backup_2026-07-07_00-00-01.tar.gz
Verifying archive...
Cleaning backups older than 7 days...
==================================================
Backup finished successfully at: Tue 07 Jul 2026 12:00:07 AM UTC
==================================================
==================================================
Backup started at: Wed 08 Jul 2026 12:00:01 AM UTC
==================================================
[1/3] Dumping PostgreSQL database...
[2/3] Archiving media...
[3/3] Saving environment snapshot...
Creating final backup archive...
Backup created: /mnt/data-disk/PRMS_2_backups/backup_2026-07-08_00-00-01.tar.gz
Verifying archive...
Cleaning backups older than 7 days...
==================================================
Backup finished successfully at: Wed 08 Jul 2026 12:00:07 AM UTC
==================================================
==================================================
Backup started at: Thu 09 Jul 2026 12:00:01 AM UTC
==================================================
[1/3] Dumping PostgreSQL database...
[2/3] Archiving media...
[3/3] Saving environment snapshot...
Creating final backup archive...
Backup created: /mnt/data-disk/PRMS_2_backups/backup_2026-07-09_00-00-01.tar.gz
Verifying archive...
Cleaning backups older than 7 days...
==================================================
Backup finished successfully at: Thu 09 Jul 2026 12:00:07 AM UTC
==================================================
==================================================
Backup started at: Fri 10 Jul 2026 12:00:01 AM UTC
==================================================
[1/3] Dumping PostgreSQL database...
[2/3] Archiving media...
[3/3] Saving environment snapshot...
Creating final backup archive...
Backup created: /mnt/data-disk/PRMS_2_backups/backup_2026-07-10_00-00-01.tar.gz
Verifying archive...
Cleaning backups older than 7 days...
==================================================
Backup finished successfully at: Fri 10 Jul 2026 12:00:07 AM UTC
==================================================
==================================================
Backup started at: Sat 11 Jul 2026 12:00:01 AM UTC
==================================================
[1/3] Dumping PostgreSQL database...
[2/3] Archiving media...
[3/3] Saving environment snapshot...
Creating final backup archive...
Backup created: /mnt/data-disk/PRMS_2_backups/backup_2026-07-11_00-00-01.tar.gz
Verifying archive...
Cleaning backups older than 7 days...
==================================================
Backup finished successfully at: Sat 11 Jul 2026 12:00:08 AM UTC
==================================================
==================================================
Backup started at: Sun 12 Jul 2026 12:00:01 AM UTC
==================================================
[1/3] Dumping PostgreSQL database...
[2/3] Archiving media...
[3/3] Saving environment snapshot...
Creating final backup archive...
Backup created: /mnt/data-disk/PRMS_2_backups/backup_2026-07-12_00-00-01.tar.gz
Verifying archive...
Cleaning backups older than 7 days...
==================================================
Backup finished successfully at: Sun 12 Jul 2026 12:00:08 AM UTC
==================================================
==================================================
Backup started at: Mon 13 Jul 2026 12:00:01 AM UTC
==================================================
[1/3] Dumping PostgreSQL database...
[2/3] Archiving media...
[3/3] Saving environment snapshot...
Creating final backup archive...
Backup created: /mnt/data-disk/PRMS_2_backups/backup_2026-07-13_00-00-01.tar.gz
Verifying archive...
Cleaning backups older than 7 days...
==================================================
Backup finished successfully at: Mon 13 Jul 2026 12:00:08 AM UTC
==================================================
==================================================
Backup started at: Tue 14 Jul 2026 12:00:01 AM UTC
==================================================
[1/3] Dumping PostgreSQL database...
[2/3] Archiving media...
[3/3] Saving environment snapshot...
Creating final backup archive...
Backup created: /mnt/data-disk/PRMS_2_backups/backup_2026-07-14_00-00-01.tar.gz
Verifying archive...
Cleaning backups older than 7 days...
==================================================
Backup finished successfully at: Tue 14 Jul 2026 12:00:06 AM UTC
==================================================
==================================================
Backup started at: Wed 15 Jul 2026 12:00:01 AM UTC
==================================================
[1/3] Dumping PostgreSQL database...
[2/3] Archiving media...
[3/3] Saving environment snapshot...
Creating final backup archive...
Backup created: /mnt/data-disk/PRMS_2_backups/backup_2026-07-15_00-00-01.tar.gz
Verifying archive...
Cleaning backups older than 7 days...
==================================================
Backup finished successfully at: Wed 15 Jul 2026 12:00:08 AM UTC
==================================================
==================================================
Backup started at: Thu 16 Jul 2026 12:00:01 AM UTC
==================================================
[1/3] Dumping PostgreSQL database...
[2/3] Archiving media...
[3/3] Saving environment snapshot...
Creating final backup archive...
Backup created: /mnt/data-disk/PRMS_2_backups/backup_2026-07-16_00-00-01.tar.gz
Verifying archive...
Cleaning backups older than 7 days...
==================================================
Backup finished successfully at: Thu 16 Jul 2026 12:00:08 AM UTC
==================================================
==================================================
Backup started at: Fri 17 Jul 2026 12:00:01 AM UTC
==================================================
[1/3] Dumping PostgreSQL database...
[2/3] Archiving media...
[3/3] Saving environment snapshot...
Creating final backup archive...
Backup created: /mnt/data-disk/PRMS_2_backups/backup_2026-07-17_00-00-01.tar.gz
Verifying archive...
Cleaning backups older than 7 days...
==================================================
Backup finished successfully at: Fri 17 Jul 2026 12:00:06 AM UTC
==================================================
==================================================
Backup started at: Sat 18 Jul 2026 12:00:01 AM UTC
==================================================
[1/3] Dumping PostgreSQL database...
[2/3] Archiving media...
[3/3] Saving environment snapshot...
Creating final backup archive...
Backup created: /mnt/data-disk/PRMS_2_backups/backup_2026-07-18_00-00-01.tar.gz
Verifying archive...
Cleaning backups older than 7 days...
==================================================
Backup finished successfully at: Sat 18 Jul 2026 12:00:06 AM UTC
==================================================
==================================================
Backup started at: Sun 19 Jul 2026 12:00:01 AM UTC
==================================================
[1/3] Dumping PostgreSQL database...
[2/3] Archiving media...
[3/3] Saving environment snapshot...
Creating final backup archive...
Backup created: /mnt/data-disk/PRMS_2_backups/backup_2026-07-19_00-00-01.tar.gz
Verifying archive...
Cleaning backups older than 7 days...
==================================================
Backup finished successfully at: Sun 19 Jul 2026 12:00:06 AM UTC
==================================================
==================================================
Backup started at: Mon 20 Jul 2026 12:00:01 AM UTC
==================================================
[1/3] Dumping PostgreSQL database...
[2/3] Archiving media...
[3/3] Saving environment snapshot...
Creating final backup archive...
Backup created: /mnt/data-disk/PRMS_2_backups/backup_2026-07-20_00-00-01.tar.gz
Verifying archive...
Cleaning backups older than 7 days...
==================================================
Backup finished successfully at: Mon 20 Jul 2026 12:00:06 AM UTC
==================================================
==================================================
Backup started at: Tue 21 Jul 2026 12:00:01 AM UTC
==================================================
[1/3] Dumping PostgreSQL database...
[2/3] Archiving media...
[3/3] Saving environment snapshot...
Creating final backup archive...
Backup created: /mnt/data-disk/PRMS_2_backups/backup_2026-07-21_00-00-01.tar.gz
Verifying archive...
Cleaning backups older than 7 days...
==================================================
Backup finished successfully at: Tue 21 Jul 2026 12:00:07 AM UTC
==================================================
==================================================
Backup started at: Wed 22 Jul 2026 12:00:01 AM UTC
==================================================
[1/3] Dumping PostgreSQL database...
[2/3] Archiving media...
[3/3] Saving environment snapshot...
Creating final backup archive...
Backup created: /mnt/data-disk/PRMS_2_backups/backup_2026-07-22_00-00-01.tar.gz
Verifying archive...
Cleaning backups older than 7 days...
==================================================
Backup finished successfully at: Wed 22 Jul 2026 12:00:07 AM UTC
==================================================
==================================================
Backup started at: Thu 23 Jul 2026 12:00:01 AM UTC
==================================================
[1/3] Dumping PostgreSQL database...
[2/3] Archiving media...
[3/3] Saving environment snapshot...
Creating final backup archive...
Backup created: /mnt/data-disk/PRMS_2_backups/backup_2026-07-23_00-00-01.tar.gz
Verifying archive...
Cleaning backups older than 7 days...
==================================================
Backup finished successfully at: Thu 23 Jul 2026 12:00:07 AM UTC
==================================================
==================================================
Backup started at: Fri 24 Jul 2026 12:00:01 AM UTC
==================================================
[1/3] Dumping PostgreSQL database...
[2/3] Archiving media...
[3/3] Saving environment snapshot...
Creating final backup archive...
Backup created: /mnt/data-disk/PRMS_2_backups/backup_2026-07-24_00-00-01.tar.gz
Verifying archive...
Cleaning backups older than 7 days...
==================================================
Backup finished successfully at: Fri 24 Jul 2026 12:00:07 AM UTC
==================================================
==================================================
Backup started at: Sat 25 Jul 2026 12:00:01 AM UTC
==================================================
[1/3] Dumping PostgreSQL database...
[2/3] Archiving media...
[3/3] Saving environment snapshot...
Creating final backup archive...
Backup created: /mnt/data-disk/PRMS_2_backups/backup_2026-07-25_00-00-01.tar.gz
Verifying archive...
Cleaning backups older than 7 days...
==================================================
Backup finished successfully at: Sat 25 Jul 2026 12:00:07 AM UTC
==================================================
==================================================
Backup started at: Sun 26 Jul 2026 12:00:01 AM UTC
==================================================
[1/3] Dumping PostgreSQL database...
[2/3] Archiving media...
[3/3] Saving environment snapshot...
Creating final backup archive...
Backup created: /mnt/data-disk/PRMS_2_backups/backup_2026-07-26_00-00-01.tar.gz
Verifying archive...
Cleaning backups older than 7 days...
==================================================
Backup finished successfully at: Sun 26 Jul 2026 12:00:07 AM UTC
==================================================
==================================================
Backup started at: Mon 27 Jul 2026 12:00:01 AM UTC
==================================================
[1/3] Dumping PostgreSQL database...
[2/3] Archiving media...
[3/3] Saving environment snapshot...
Creating final backup archive...
Backup created: /mnt/data-disk/PRMS_2_backups/backup_2026-07-27_00-00-01.tar.gz
Verifying archive...
Cleaning backups older than 7 days...
==================================================
Backup finished successfully at: Mon 27 Jul 2026 12:00:07 AM UTC
==================================================
==================================================
Backup started at: Tue 28 Jul 2026 12:00:01 AM UTC
==================================================
[1/3] Dumping PostgreSQL database...
[2/3] Archiving media...
[3/3] Saving environment snapshot...
Creating final backup archive...
Backup created: /mnt/data-disk/PRMS_2_backups/backup_2026-07-28_00-00-01.tar.gz
Verifying archive...
Cleaning backups older than 7 days...
==================================================
Backup finished successfully at: Tue 28 Jul 2026 12:00:07 AM UTC
==================================================
==================================================
Backup started at: Wed 29 Jul 2026 12:00:01 AM UTC
==================================================
[1/3] Dumping PostgreSQL database...
[2/3] Archiving media...
[3/3] Saving environment snapshot...
Creating final backup archive...
Backup created: /mnt/data-disk/PRMS_2_backups/backup_2026-07-29_00-00-01.tar.gz
Verifying archive...
Cleaning backups older than 7 days...
==================================================
Backup finished successfully at: Wed 29 Jul 2026 12:00:07 AM UTC
==================================================
==================================================
Backup started at: Thu 30 Jul 2026 12:00:01 AM UTC
==================================================
[1/3] Dumping PostgreSQL database...
[2/3] Archiving media...
[3/3] Saving environment snapshot...
Creating final backup archive...
Backup created: /mnt/data-disk/PRMS_2_backups/backup_2026-07-30_00-00-01.tar.gz
Verifying archive...
Cleaning backups older than 7 days...
==================================================
Backup finished successfully at: Thu 30 Jul 2026 12:00:08 AM UTC
==================================================
==================================================
Backup started at: Fri 31 Jul 2026 12:00:01 AM UTC
==================================================
[1/3] Dumping PostgreSQL database...
[2/3] Archiving media...
[3/3] Saving environment snapshot...
Creating final backup archive...
Backup created: /mnt/data-disk/PRMS_2_backups/backup_2026-07-31_00-00-01.tar.gz
Verifying archive...
Cleaning backups older than 7 days...
==================================================
Backup finished successfully at: Fri 31 Jul 2026 12:00:08 AM UTC
==================================================
==================================================
Backup started at: Sat 01 Aug 2026 12:00:01 AM UTC
==================================================
[1/3] Dumping PostgreSQL database...
[2/3] Archiving media...
[3/3] Saving environment snapshot...
Creating final backup archive...
Backup created: /mnt/data-disk/PRMS_2_backups/backup_2026-08-01_00-00-01.tar.gz
Verifying archive...
Cleaning backups older than 7 days...
==================================================
Backup finished successfully at: Sat 01 Aug 2026 12:00:08 AM UTC
==================================================
==================================================
Backup started at: Sun 02 Aug 2026 12:00:01 AM UTC
==================================================
[1/3] Dumping PostgreSQL database...
[2/3] Archiving media...
[3/3] Saving environment snapshot...
Creating final backup archive...
Backup created: /mnt/data-disk/PRMS_2_backups/backup_2026-08-02_00-00-01.tar.gz
Verifying archive...
Cleaning backups older than 7 days...
==================================================
Backup finished successfully at: Sun 02 Aug 2026 12:00:08 AM UTC
==================================================
==================================================
Backup started at: Mon 03 Aug 2026 12:00:01 AM UTC
==================================================
[1/3] Dumping PostgreSQL database...
[2/3] Archiving media...
[3/3] Saving environment snapshot...
Creating final backup archive...
Backup created: /mnt/data-disk/PRMS_2_backups/backup_2026-08-03_00-00-01.tar.gz
Verifying archive...
Cleaning backups older than 7 days...
==================================================
Backup finished successfully at: Mon 03 Aug 2026 12:00:08 AM UTC
==================================================
==================================================
Backup started at: Tue 04 Aug 2026 12:00:01 AM UTC
==================================================
[1/3] Dumping PostgreSQL database...
[2/3] Archiving media...
[3/3] Saving environment snapshot...
Creating final backup archive...
Backup created: /mnt/data-disk/PRMS_2_backups/backup_2026-08-04_00-00-01.tar.gz
Verifying archive...
Cleaning backups older than 7 days...
==================================================
Backup finished successfully at: Tue 04 Aug 2026 12:00:08 AM UTC
==================================================
==================================================
Backup started at: Wed 05 Aug 2026 12:00:01 AM UTC
==================================================
[1/3] Dumping PostgreSQL database...
[2/3] Archiving media...
[3/3] Saving environment snapshot...
Creating final backup archive...
Backup created: /mnt/data-disk/PRMS_2_backups/backup_2026-08-05_00-00-01.tar.gz
Verifying archive...
Cleaning backups older than 7 days...
==================================================
Backup finished successfully at: Wed 05 Aug 2026 12:00:08 AM UTC
==================================================
==================================================
Backup started at: Thu 06 Aug 2026 12:00:01 AM UTC
==================================================
[1/3] Dumping PostgreSQL database...
[2/3] Archiving media...
[3/3] Saving environment snapshot...
Creating final backup archive...
Backup created: /mnt/data-disk/PRMS_2_backups/backup_2026-08-06_00-00-01.tar.gz
Verifying archive...
Cleaning backups older than 7 days...
==================================================
Backup finished successfully at: Thu 06 Aug 2026 12:00:08 AM UTC
==================================================
==================================================
Backup started at: Fri 07 Aug 2026 12:00:01 AM UTC
==================================================
[1/3] Dumping PostgreSQL database...
[2/3] Archiving media...
[3/3] Saving environment snapshot...
Creating final backup archive...
Backup created: /mnt/data-disk/PRMS_2_backups/backup_2026-08-07_00-00-01.tar.gz
Verifying archive...
Cleaning backups older than 7 days...
==================================================
Backup finished successfully at: Fri 07 Aug 2026 12:00:08 AM UTC
==================================================
==================================================
Backup started at: Sat 08 Aug 2026 12:00:01 AM UTC
==================================================
[1/3] Dumping PostgreSQL database...
[2/3] Archiving media...
[3/3] Saving environment snapshot...
Creating final backup archive...
Backup created: /mnt/data-disk/PRMS_2_backups/backup_2026-08-08_00-00-01.tar.gz
Verifying archive...
Cleaning backups older than 7 days...
==================================================
Backup finished successfully at: Sat 08 Aug 2026 12:00:08 AM UTC
==================================================
==================================================
Backup started at: Sun 09 Aug 2026 12:00:01 AM UTC
==================================================
[1/3] Dumping PostgreSQL database...
[2/3] Archiving media...
[3/3] Saving environment snapshot...
Creating final backup archive...
Backup created: /mnt/data-disk/PRMS_2_backups/backup_2026-08-09_00-00-01.tar.gz
Verifying archive...
Cleaning backups older than 7 days...
==================================================
Backup finished successfully at: Sun 09 Aug 2026 12:00:08 AM UTC
==================================================
==================================================
Backup started at: Mon 10 Aug 2026 12:00:01 AM UTC
==================================================
[1/3] Dumping PostgreSQL database...
[2/3] Archiving media...
[3/3] Saving environment snapshot...
Creating final backup archive...
Backup created: /mnt/data-disk/PRMS_2_backups/backup_2026-08-10_00-00-01.tar.gz
Verifying archive...
Cleaning backups older than 7 days...
==================================================
Backup finished successfully at: Mon 10 Aug 2026 12:00:08 AM UTC
==================================================
==================================================
Backup started at: Tue 11 Aug 2026 12:00:01 AM UTC
==================================================
[1/3] Dumping PostgreSQL database...
[2/3] Archiving media...
[3/3] Saving environment snapshot...
Creating final backup archive...
Backup created: /mnt/data-disk/PRMS_2_backups/backup_2026-08-11_00-00-01.tar.gz
Verifying archive...
Cleaning backups older than 7 days...
==================================================
Backup finished successfully at: Tue 11 Aug 2026 12:00:08 AM UTC
==================================================
==================================================
Backup started at: Wed 12 Aug 2026 12:00:01 AM UTC
==================================================
[1/3] Dumping PostgreSQL database...
[2/3] Archiving media...
[3/3] Saving environment snapshot...
Creating final backup archive...
Backup created: /mnt/data-disk/PRMS_2_backups/backup_2026-08-12_00-00-01.tar.gz
Verifying archive...
Cleaning backups older than 7 days...
==================================================
Backup finished successfully at: Wed 12 Aug 2026 12:00:08 AM UTC
==================================================
==================================================
Backup started at: Thu 13 Aug 2026 12:00:01 AM UTC
==================================================
[1/3] Dumping PostgreSQL database...
[2/3] Archiving media...
[3/3] Saving environment snapshot...
Creating final backup archive...
Backup created: /mnt/data-disk/PRMS_2_backups/backup_2026-08-13_00-00-01.tar.gz
Verifying archive...
Cleaning backups older than 7 days...
==================================================
Backup finished successfully at: Thu 13 Aug 2026 12:00:07 AM UTC
==================================================
==================================================
Backup started at: Fri 14 Aug 2026 12:00:01 AM UTC
==================================================
[1/3] Dumping PostgreSQL database...
[2/3] Archiving media...
[3/3] Saving environment snapshot...
Creating final backup archive...
Backup created: /mnt/data-disk/PRMS_2_backups/backup_2026-08-14_00-00-01.tar.gz
Verifying archive...
Cleaning backups older than 7 days...
==================================================
Backup finished successfully at: Fri 14 Aug 2026 12:00:07 AM UTC
==================================================
==================================================
Backup started at: Sat 15 Aug 2026 12:00:01 AM UTC
==================================================
[1/3] Dumping PostgreSQL database...
[2/3] Archiving media...
[3/3] Saving environment snapshot...
Creating final backup archive...
Backup created: /mnt/data-disk/PRMS_2_backups/backup_2026-08-15_00-00-01.tar.gz
Verifying archive...
Cleaning backups older than 7 days...
==================================================
Backup finished successfully at: Sat 15 Aug 2026 12:00:07 AM UTC
==================================================
==================================================
Backup started at: Sun 16 Aug 2026 12:00:01 AM UTC
==================================================
[1/3] Dumping PostgreSQL database...
[2/3] Archiving media...
[3/3] Saving environment snapshot...
Creating final backup archive...
Backup created: /mnt/data-disk/PRMS_2_backups/backup_2026-08-16_00-00-01.tar.gz
Verifying archive...
Cleaning backups older than 7 days...
==================================================
Backup finished successfully at: Sun 16 Aug 2026 12:00:07 AM UTC
==================================================
==================================================
Backup started at: Mon 17 Aug 2026 12:00:01 AM UTC
==================================================
[1/3] Dumping PostgreSQL database...
[2/3] Archiving media...
[3/3] Saving environment snapshot...
Creating final backup archive...
Backup created: /mnt/data-disk/PRMS_2_backups/backup_2026-08-17_00-00-01.tar.gz
Verifying archive...
Cleaning backups older than 7 days...
==================================================
Backup finished successfully at: Mon 17 Aug 2026 12:00:07 AM UTC
==================================================
==================================================
Backup started at: Tue 18 Aug 2026 12:00:01 AM UTC
==================================================
[1/3] Dumping PostgreSQL database...
[2/3] Archiving media...
[3/3] Saving environment snapshot...
Creating final backup archive...
Backup created: /mnt/data-disk/PRMS_2_backups/backup_2026-08-18_00-00-01.tar.gz
Verifying archive...
Cleaning backups older than 7 days...
==================================================
Backup finished successfully at: Tue 18 Aug 2026 12:00:07 AM UTC
==================================================
==================================================
Backup started at: Wed 19 Aug 2026 12:00:01 AM UTC
==================================================
[1/3] Dumping PostgreSQL database...
[2/3] Archiving media...
[3/3] Saving environment snapshot...
Creating final backup archive...
Backup created: /mnt/data-disk/PRMS_2_backups/backup_2026-08-19_00-00-01.tar.gz
Verifying archive...
Cleaning backups older than 7 days...
==================================================
Backup finished successfully at: Wed 19 Aug 2026 12:00:07 AM UTC
==================================================
==================================================
Backup started at: Thu 20 Aug 2026 12:00:01 AM UTC
==================================================
[1/3] Dumping PostgreSQL database...
[2/3] Archiving media...
[3/3] Saving environment snapshot...
Creating final backup archive...
Backup created: /mnt/data-disk/PRMS_2_backups/backup_2026-08-20_00-00-01.tar.gz
Verifying archive...
Cleaning backups older than 7 days...
==================================================
Backup finished successfully at: Thu 20 Aug 2026 12:00:06 AM UTC
==================================================
==================================================
Backup started at: Fri 21 Aug 2026 12:00:01 AM UTC
==================================================
[1/3] Dumping PostgreSQL database...
[2/3] Archiving media...
[3/3] Saving environment snapshot...
Creating final backup archive...
Backup created: /mnt/data-disk/PRMS_2_backups/backup_2026-08-21_00-00-01.tar.gz
Verifying archive...
Cleaning backups older than 7 days...
==================================================
Backup finished successfully at: Fri 21 Aug 2026 12:00:07 AM UTC
==================================================
==================================================
Backup started at: Sat 22 Aug 2026 12:00:01 AM UTC
==================================================
[1/3] Dumping PostgreSQL database...
[2/3] Archiving media...
[3/3] Saving environment snapshot...
Creating final backup archive...
Backup created: /mnt/data-disk/PRMS_2_backups/backup_2026-08-22_00-00-01.tar.gz
Verifying archive...
Cleaning backups older than 7 days...
==================================================
Backup finished successfully at: Sat 22 Aug 2026 12:00:06 AM UTC
==================================================
==================================================
Backup started at: Sun 23 Aug 2026 12:00:01 AM UTC
==================================================
[1/3] Dumping PostgreSQL database...
[2/3] Archiving media...
[3/3] Saving environment snapshot...
Creating final backup archive...
Backup created: /mnt/data-disk/PRMS_2_backups/backup_2026-08-23_00-00-01.tar.gz
Verifying archive...
Cleaning backups older than 7 days...
==================================================
Backup finished successfully at: Sun 23 Aug 2026 12:00:07 AM UTC
==================================================
==================================================
Backup started at: Mon 24 Aug 2026 12:00:02 AM UTC
==================================================
[1/3] Dumping PostgreSQL database...
[2/3] Archiving media...
[3/3] Saving environment snapshot...
Creating final backup archive...
Backup created: /mnt/data-disk/PRMS_2_backups/backup_2026-08-24_00-00-02.tar.gz
Verifying archive...
Cleaning backups older than 7 days...
==================================================
Backup finished successfully at: Mon 24 Aug 2026 12:00:07 AM UTC
==================================================
==================================================
Backup started at: Tue 25 Aug 2026 12:00:01 AM UTC
==================================================
[1/3] Dumping PostgreSQL database...
[2/3] Archiving media...
[3/3] Saving environment snapshot...
Creating final backup archive...
Backup created: /mnt/data-disk/PRMS_2_backups/backup_2026-08-25_00-00-01.tar.gz
Verifying archive...
Cleaning backups older than 7 days...
==================================================
Backup finished successfully at: Tue 25 Aug 2026 12:00:07 AM UTC
==================================================
==================================================
Backup started at: Wed 26 Aug 2026 12:00:01 AM UTC
==================================================
[1/3] Dumping PostgreSQL database...
[2/3] Archiving media...
[3/3] Saving environment snapshot...
Creating final backup archive...
Backup created: /mnt/data-disk/PRMS_2_backups/backup_2026-08-26_00-00-01.tar.gz
Verifying archive...
Cleaning backups older than 7 days...
==================================================
Backup finished successfully at: Wed 26 Aug 2026 12:00:07 AM UTC
==================================================
==================================================
Backup started at: Thu 27 Aug 2026 12:00:01 AM UTC
==================================================
[1/3] Dumping PostgreSQL database...
[2/3] Archiving media...
[3/3] Saving environment snapshot...
Creating final backup archive...
Backup created: /mnt/data-disk/PRMS_2_backups/backup_2026-08-27_00-00-01.tar.gz
Verifying archive...
Cleaning backups older than 7 days...
==================================================
Backup finished successfully at: Thu 27 Aug 2026 12:00:07 AM UTC
==================================================
==================================================
Backup started at: Fri 28 Aug 2026 12:00:01 AM UTC
==================================================
[1/3] Dumping PostgreSQL database...
[2/3] Archiving media...
[3/3] Saving environment snapshot...
Creating final backup archive...
Backup created: /mnt/data-disk/PRMS_2_backups/backup_2026-08-28_00-00-01.tar.gz
Verifying archive...
Cleaning backups older than 7 days...
==================================================
Backup finished successfully at: Fri 28 Aug 2026 12:00:07 AM UTC
==================================================
==================================================
Backup started at: Sat 29 Aug 2026 12:00:01 AM UTC
==================================================
[1/3] Dumping PostgreSQL database...
[2/3] Archiving media...
[3/3] Saving environment snapshot...
Creating final backup archive...
Backup created: /mnt/data-disk/PRMS_2_backups/backup_2026-08-29_00-00-01.tar.gz
Verifying archive...
Cleaning backups older than 7 days...
==================================================
Backup finished successfully at: Sat 29 Aug 2026 12:00:07 AM UTC
==================================================
==================================================
Backup started at: Sun 30 Aug 2026 12:00:01 AM UTC
==================================================
[1/3] Dumping PostgreSQL database...
[2/3] Archiving media...
[3/3] Saving environment snapshot...
Creating final backup archive...
Backup created: /mnt/data-disk/PRMS_2_backups/backup_2026-08-30_00-00-01.tar.gz
Verifying archive...
Cleaning backups older than 7 days...
==================================================
Backup finished successfully at: Sun 30 Aug 2026 12:00:07 AM UTC
==================================================
==================================================
Backup started at: Mon 31 Aug 2026 12:00:01 AM UTC
==================================================
[1/3] Dumping PostgreSQL database...
[2/3] Archiving media...
[3/3] Saving environment snapshot...
Creating final backup archive...
Backup created: /mnt/data-disk/PRMS_2_backups/backup_2026-08-31_00-00-01.tar.gz
Verifying archive...
Cleaning backups older than 7 days...
==================================================
Backup finished successfully at: Mon 31 Aug 2026 12:00:07 AM UTC
==================================================
==================================================
Backup started at: Tue 01 Sep 2026 12:00:01 AM UTC
==================================================
[1/3] Dumping PostgreSQL database...
[2/3] Archiving media...
[3/3] Saving environment snapshot...
Creating final backup archive...
Backup created: /mnt/data-disk/PRMS_2_backups/backup_2026-09-01_00-00-01.tar.gz
Verifying archive...
Cleaning backups older than 7 days...
==================================================
Backup finished successfully at: Tue 01 Sep 2026 12:00:06 AM UTC
==================================================
==================================================
Backup started at: Wed 02 Sep 2026 12:00:01 AM UTC
==================================================
[1/3] Dumping PostgreSQL database...
[2/3] Archiving media...
[3/3] Saving environment snapshot...
Creating final backup archive...
Backup created: /mnt/data-disk/PRMS_2_backups/backup_2026-09-02_00-00-01.tar.gz
Verifying archive...
Cleaning backups older than 7 days...
==================================================
Backup finished successfully at: Wed 02 Sep 2026 12:00:06 AM UTC
==================================================
==================================================
Backup started at: Thu 03 Sep 2026 12:00:01 AM UTC
==================================================
[1/3] Dumping PostgreSQL database...
[2/3] Archiving media...
[3/3] Saving environment snapshot...
Creating final backup archive...
Backup created: /mnt/data-disk/PRMS_2_backups/backup_2026-09-03_00-00-01.tar.gz
Verifying archive...
Cleaning backups older than 7 days...
==================================================
Backup finished successfully at: Thu 03 Sep 2026 12:00:06 AM UTC
==================================================
==================================================
Backup started at: Fri 04 Sep 2026 12:00:01 AM UTC
==================================================
[1/3] Dumping PostgreSQL database...
[2/3] Archiving media...
[3/3] Saving environment snapshot...
Creating final backup archive...
Backup created: /mnt/data-disk/PRMS_2_backups/backup_2026-09-04_00-00-01.tar.gz
Verifying archive...
Cleaning backups older than 7 days...
==================================================
Backup finished successfully at: Fri 04 Sep 2026 12:00:06 AM UTC
==================================================
==================================================
Backup started at: Sat 05 Sep 2026 12:00:01 AM UTC
==================================================
[1/3] Dumping PostgreSQL database...
[2/3] Archiving media...
[3/3] Saving environment snapshot...
Creating final backup archive...
Backup created: /mnt/data-disk/PRMS_2_backups/backup_2026-09-05_00-00-01.tar.gz
Verifying archive...
Cleaning backups older than 7 days...
==================================================
Backup finished successfully at: Sat 05 Sep 2026 12:00:06 AM UTC
==================================================
==================================================
Backup started at: Sun 06 Sep 2026 12:00:01 AM UTC
==================================================
[1/3] Dumping PostgreSQL database...
[2/3] Archiving media...
[3/3] Saving environment snapshot...
Creating final backup archive...
Backup created: /mnt/data-disk/PRMS_2_backups/backup_2026-09-06_00-00-01.tar.gz
Verifying archive...
Cleaning backups older than 7 days...
==================================================
Backup finished successfully at: Sun 06 Sep 2026 12:00:06 AM UTC
==================================================
==================================================
Backup started at: Mon 07 Sep 2026 12:00:01 AM UTC
==================================================
[1/3] Dumping PostgreSQL database...
[2/3] Archiving media...
[3/3] Saving environment snapshot...
Creating final backup archive...
Backup created: /mnt/data-disk/PRMS_2_backups/backup_2026-09-07_00-00-01.tar.gz
Verifying archive...
Cleaning backups older than 7 days...
==================================================
Backup finished successfully at: Mon 07 Sep 2026 12:00:06 AM UTC
==================================================
==================================================
Backup started at: Tue 08 Sep 2026 12:00:01 AM UTC
==================================================
[1/3] Dumping PostgreSQL database...
[2/3] Archiving media...
[3/3] Saving environment snapshot...
Creating final backup archive...
Backup created: /mnt/data-disk/PRMS_2_backups/backup_2026-09-08_00-00-01.tar.gz
Verifying archive...
Cleaning backups older than 7 days...
==================================================
Backup finished successfully at: Tue 08 Sep 2026 12:00:06 AM UTC
==================================================
==================================================
Backup started at: Wed 09 Sep 2026 12:00:01 AM UTC
==================================================
[1/3] Dumping PostgreSQL database...
[2/3] Archiving media...
[3/3] Saving environment snapshot...
Creating final backup archive...
Backup created: /mnt/data-disk/PRMS_2_backups/backup_2026-09-09_00-00-01.tar.gz
Verifying archive...
Cleaning backups older than 7 days...
==================================================
Backup finished successfully at: Wed 09 Sep 2026 12:00:07 AM UTC
==================================================
==================================================
Backup started at: Thu 10 Sep 2026 12:00:01 AM UTC
==================================================
[1/3] Dumping PostgreSQL database...
[2/3] Archiving media...
[3/3] Saving environment snapshot...
Creating final backup archive...
Backup created: /mnt/data-disk/PRMS_2_backups/backup_2026-09-10_00-00-01.tar.gz
Verifying archive...
Cleaning backups older than 7 days...
==================================================
Backup finished successfully at: Thu 10 Sep 2026 12:00:07 AM UTC
==================================================
==================================================
Backup started at: Fri 11 Sep 2026 12:00:01 AM UTC
==================================================
[1/3] Dumping PostgreSQL database...
[2/3] Archiving media...
[3/3] Saving environment snapshot...
Creating final backup archive...
Backup created: /mnt/data-disk/PRMS_2_backups/backup_2026-09-11_00-00-01.tar.gz
Verifying archive...
Cleaning backups older than 7 days...
==================================================
Backup finished successfully at: Fri 11 Sep 2026 12:00:07 AM UTC
==================================================
==================================================
Backup started at: Sat 12 Sep 2026 12:00:01 AM UTC
==================================================
[1/3] Dumping PostgreSQL database...
[2/3] Archiving media...
[3/3] Saving environment snapshot...
Creating final backup archive...
Backup created: /mnt/data-disk/PRMS_2_backups/backup_2026-09-12_00-00-01.tar.gz
Verifying archive...
Cleaning backups older than 7 days...
==================================================
Backup finished successfully at: Sat 12 Sep 2026 12:00:06 AM UTC
==================================================
==================================================
Backup started at: Sun 13 Sep 2026 12:00:01 AM UTC
==================================================
[1/3] Dumping PostgreSQL database...
[2/3] Archiving media...
[3/3] Saving environment snapshot...
Creating final backup archive...
Backup created: /mnt/data-disk/PRMS_2_backups/backup_2026-09-13_00-00-01.tar.gz
Verifying archive...
Cleaning backups older than 7 days...
==================================================
Backup finished successfully at: Sun 13 Sep 2026 12:00:06 AM UTC
==================================================
==================================================
Backup started at: Mon 14 Sep 2026 12:00:01 AM UTC
==================================================
[1/3] Dumping PostgreSQL database...
[2/3] Archiving media...
[3/3] Saving environment snapshot...
Creating final backup archive...
Backup created: /mnt/data-disk/PRMS_2_backups/backup_2026-09-14_00-00-01.tar.gz
Verifying archive...
Cleaning backups older than 7 days...
==================================================
Backup finished successfully at: Mon 14 Sep 2026 12:00:06 AM UTC
==================================================
==================================================
Backup started at: Tue 15 Sep 2026 12:00:01 AM UTC
==================================================
[1/3] Dumping PostgreSQL database...
[2/3] Archiving media...
[3/3] Saving environment snapshot...
Creating final backup archive...
Backup created: /mnt/data-disk/PRMS_2_backups/backup_2026-09-15_00-00-01.tar.gz
Verifying archive...
Cleaning backups older than 7 days...
==================================================
Backup finished successfully at: Tue 15 Sep 2026 12:00:06 AM UTC
==================================================
==================================================
Backup started at: Wed 16 Sep 2026 12:00:01 AM UTC
==================================================
[1/3] Dumping PostgreSQL database...
[2/3] Archiving media...
[3/3] Saving environment snapshot...
Creating final backup archive...
Backup created: /mnt/data-disk/PRMS_2_backups/backup_2026-09-16_00-00-01.tar.gz
Verifying archive...
Cleaning backups older than 7 days...
==================================================
Backup finished successfully at: Wed 16 Sep 2026 12:00:06 AM UTC
==================================================
==================================================
Backup started at: Thu 17 Sep 2026 12:00:01 AM UTC
==================================================
[1/3] Dumping PostgreSQL database...
[2/3] Archiving media...
[3/3] Saving environment snapshot...
Creating final backup archive...
Backup created: /mnt/data-disk/PRMS_2_backups/backup_2026-09-17_00-00-01.tar.gz
Verifying archive...
Cleaning backups older than 7 days...
==================================================
Backup finished successfully at: Thu 17 Sep 2026 12:00:06 AM UTC
==================================================
==================================================
Backup started at: Fri 18 Sep 2026 12:00:01 AM UTC
==================================================
[1/3] Dumping PostgreSQL database...
[2/3] Archiving media...
[3/3] Saving environment snapshot...
Creating final backup archive...
Backup created: /mnt/data-disk/PRMS_2_backups/backup_2026-09-18_00-00-01.tar.gz
Verifying archive...
Cleaning backups older than 7 days...
==================================================
Backup finished successfully at: Fri 18 Sep 2026 12:00:06 AM UTC
==================================================
==================================================
Backup started at: Sat 19 Sep 2026 12:00:01 AM UTC
==================================================
[1/3] Dumping PostgreSQL database...
[2/3] Archiving media...
[3/3] Saving environment snapshot...
Creating final backup archive...
Backup created: /mnt/data-disk/PRMS_2_backups/backup_2026-09-19_00-00-01.tar.gz
Verifying archive...
Cleaning backups older than 7 days...
==================================================
Backup finished successfully at: Sat 19 Sep 2026 12:00:06 AM UTC
==================================================
==================================================
Backup started at: Sun 20 Sep 2026 12:00:01 AM UTC
==================================================
[1/3] Dumping PostgreSQL database...
[2/3] Archiving media...
[3/3] Saving environment snapshot...
Creating final backup archive...
Backup created: /mnt/data-disk/PRMS_2_backups/backup_2026-09-20_00-00-01.tar.gz
Verifying archive...
Cleaning backups older than 7 days...
==================================================
Backup finished successfully at: Sun 20 Sep 2026 12:00:06 AM UTC
==================================================
==================================================
Backup started at: Mon 21 Sep 2026 12:00:01 AM UTC
==================================================
[1/3] Dumping PostgreSQL database...
[2/3] Archiving media...
[3/3] Saving environment snapshot...
Creating final backup archive...
Backup created: /mnt/data-disk/PRMS_2_backups/backup_2026-09-21_00-00-01.tar.gz
Verifying archive...
Cleaning backups older than 7 days...
==================================================
Backup finished successfully at: Mon 21 Sep 2026 12:00:06 AM UTC
==================================================
==================================================
Backup started at: Tue 22 Sep 2026 12:00:01 AM UTC
==================================================
[1/3] Dumping PostgreSQL database...
[2/3] Archiving media...
[3/3] Saving environment snapshot...
Creating final backup archive...
Backup created: /mnt/data-disk/PRMS_2_backups/backup_2026-09-22_00-00-01.tar.gz
Verifying archive...
Cleaning backups older than 7 days...
==================================================
Backup finished successfully at: Tue 22 Sep 2026 12:00:06 AM UTC
==================================================
==================================================
Backup started at: Wed 23 Sep 2026 12:00:01 AM UTC
==================================================
[1/3] Dumping PostgreSQL database...
[2/3] Archiving media...
[3/3] Saving environment snapshot...
Creating final backup archive...
Backup created: /mnt/data-disk/PRMS_2_backups/backup_2026-09-23_00-00-01.tar.gz
Verifying archive...
Cleaning backups older than 7 days...
==================================================
Backup finished successfully at: Wed 23 Sep 2026 12:00:06 AM UTC
==================================================
==================================================
Backup started at: Thu 24 Sep 2026 12:00:01 AM UTC
==================================================
[1/3] Dumping PostgreSQL database...
[2/3] Archiving media...
[3/3] Saving environment snapshot...
Creating final backup archive...
Backup created: /mnt/data-disk/PRMS_2_backups/backup_2026-09-24_00-00-01.tar.gz
Verifying archive...
Cleaning backups older than 7 days...
==================================================
Backup finished successfully at: Thu 24 Sep 2026 12:00:06 AM UTC
==================================================
==================================================
Backup started at: Fri 25 Sep 2026 12:00:01 AM UTC
==================================================
[1/3] Dumping PostgreSQL database...
[2/3] Archiving media...
[3/3] Saving environment snapshot...
Creating final backup archive...
Backup created: /mnt/data-disk/PRMS_2_backups/backup_2026-09-25_00-00-01.tar.gz
Verifying archive...
Cleaning backups older than 7 days...
==================================================
Backup finished successfully at: Fri 25 Sep 2026 12:00:06 AM UTC
==================================================
==================================================
Backup started at: Sat 26 Sep 2026 12:00:01 AM UTC
==================================================
[1/3] Dumping PostgreSQL database...
[2/3] Archiving media...
[3/3] Saving environment snapshot...
Creating final backup archive...
Backup created: /mnt/data-disk/PRMS_2_backups/backup_2026-09-26_00-00-01.tar.gz
Verifying archive...
Cleaning backups older than 7 days...
==================================================
Backup finished successfully at: Sat 26 Sep 2026 12:00:06 AM UTC
==================================================
==================================================
Backup started at: Sun 27 Sep 2026 12:00:01 AM UTC
==================================================
[1/3] Dumping PostgreSQL database...
[2/3] Archiving media...
[3/3] Saving environment snapshot...
Creating final backup archive...
Backup created: /mnt/data-disk/PRMS_2_backups/backup_2026-09-27_00-00-01.tar.gz
Verifying archive...
Cleaning backups older than 7 days...
==================================================
Backup finished successfully at: Sun 27 Sep 2026 12:00:07 AM UTC
==================================================
==================================================
Backup started at: Mon 28 Sep 2026 12:00:01 AM UTC
==================================================
[1/3] Dumping PostgreSQL database...
[2/3] Archiving media...
[3/3] Saving environment snapshot...
Creating final backup archive...
Backup created: /mnt/data-disk/PRMS_2_backups/backup_2026-09-28_00-00-01.tar.gz
Verifying archive...
Cleaning backups older than 7 days...
==================================================
Backup finished successfully at: Mon 28 Sep 2026 12:00:07 AM UTC
==================================================
